// Jest Snapshot v1, https://goo.gl/fbAQLP

exports[`List.vue 스냅샷 테스트 1`] = `
<ul>
  <li
    class=""
  >
    
		영화보기
		
    <!---->
     
    <span
      class="close"
    >
      x
    </span>
  </li>
  <li
    class="checked"
  >
    
		주말 산책
		
    <span>
      (완료)
    </span>
     
    <span
      class="close"
    >
      x
    </span>
  </li>
  <li
    class=""
  >
    
		ES6 학습
		
    <!---->
     
    <span
      class="close"
    >
      x
    </span>
  </li>
  <li
    class=""
  >
    
		잠실 야구장
		
    <!---->
     
    <span
      class="close"
    >
      x
    </span>
  </li>
</ul>
`;
